BL51 BANKED LINKER/LOCATER V6.22                                                        12/01/2015  21:07:12  PAGE 1


BL51 BANKED LINKER/LOCATER V6.22, INVOKED BY:
C:\KEIL\C51\BIN\BL51.EXE MAIN.obj TO Program_Test


MEMORY MODEL: SMALL


INPUT MODULES INCLUDED:
  MAIN.obj (MAIN)
  C:\KEIL\C51\LIB\C51S.LIB (?C_STARTUP)
  C:\KEIL\C51\LIB\C51S.LIB (?C?CLDPTR)


LINK MAP OF MODULE:  Program_Test (MAIN)


            TYPE    BASE      LENGTH    RELOCATION   SEGMENT NAME
            -----------------------------------------------------

            * * * * * * *   D A T A   M E M O R Y   * * * * * * *
            REG     0000H     0008H     ABSOLUTE     "REG BANK 0"
            DATA    0008H     0003H     UNIT         _DATA_GROUP_
            IDATA   000BH     0001H     UNIT         ?STACK

            * * * * * * *   C O D E   M E M O R Y   * * * * * * *
            CODE    0000H     0003H     ABSOLUTE     
                    0003H     07FDH                  *** GAP ***
            CODE    0800H     002BH     UNIT         ?PR?_WRITE_STRING?MAIN
            CODE    082BH     0019H     UNIT         ?C?LIB_CODE
            CODE    0844H     0014H     UNIT         ?PR?LCD_INIT?MAIN
            CODE    0858H     0012H     UNIT         ?PR?_WRITE_CMD?MAIN
            CODE    086AH     0012H     UNIT         ?PR?_WRITE_DATA?MAIN
            CODE    087CH     0010H     UNIT         ?PR?MAIN?MAIN
            CODE    088CH     000DH     UNIT         ?PR?WAITING?MAIN
            CODE    0899H     000CH     UNIT         ?C_C51STARTUP
            CODE    08A5H     0005H     UNIT         ?CO?MAIN



OVERLAY MAP OF MODULE:   Program_Test (MAIN)


SEGMENT                          DATA_GROUP 
  +--> CALLED SEGMENT          START    LENGTH
----------------------------------------------
?C_C51STARTUP                  -----    -----
  +--> ?PR?MAIN?MAIN

?PR?MAIN?MAIN                  -----    -----
  +--> ?PR?LCD_INIT?MAIN
  +--> ?CO?MAIN
  +--> ?PR?_WRITE_STRING?MAIN

?PR?LCD_INIT?MAIN              -----    -----
  +--> ?PR?_WRITE_CMD?MAIN

?PR?_WRITE_CMD?MAIN            -----    -----
  +--> ?PR?WAITING?MAIN
BL51 BANKED LINKER/LOCATER V6.22                                                      12/01/2015  21:07:12  PAGE 2



?PR?_WRITE_STRING?MAIN         0008H    0003H
  +--> ?PR?_WRITE_CMD?MAIN
  +--> ?PR?_WRITE_DATA?MAIN

?PR?_WRITE_DATA?MAIN           -----    -----
  +--> ?PR?WAITING?MAIN



SYMBOL TABLE OF MODULE:  Program_Test (MAIN)

  VALUE           TYPE          NAME
  ----------------------------------

  -------         MODULE        MAIN
  C:0000H         SYMBOL        _ICE_DUMMY_
  D:0080H         PUBLIC        P0
  D:00A0H         PUBLIC        P2
  B:00A0H.7       PUBLIC        ENLCD1
  C:087CH         PUBLIC        main
  C:0800H         PUBLIC        _write_string
  C:086AH         PUBLIC        _write_data
  C:0858H         PUBLIC        _write_cmd
  B:00A0H.5       PUBLIC        ADDR0
  B:00A0H.6       PUBLIC        ADDR1
  C:0844H         PUBLIC        LCD_init
  C:088CH         PUBLIC        waiting
  -------         PROC          WAITING
  -------         DO            
  D:0007H         SYMBOL        i
  D:0006H         SYMBOL        j
  -------         ENDDO         
  C:088CH         LINE#         17
  C:088CH         LINE#         18
  C:088CH         LINE#         20
  C:088EH         LINE#         21
  C:0898H         LINE#         22
  -------         ENDPROC       WAITING
  -------         PROC          _WRITE_CMD
  D:0005H         SYMBOL        cmd
  C:0858H         LINE#         24
  C:085AH         LINE#         25
  C:085AH         LINE#         26
  C:085DH         LINE#         27
  C:085FH         LINE#         28
  C:0861H         LINE#         29
  C:0863H         LINE#         30
  C:0865H         LINE#         31
  C:0867H         LINE#         32
  C:0869H         LINE#         33
  -------         ENDPROC       _WRITE_CMD
  -------         PROC          _WRITE_DATA
  D:0005H         SYMBOL        dat
  C:086AH         LINE#         35
  C:086CH         LINE#         36
  C:086CH         LINE#         37
BL51 BANKED LINKER/LOCATER V6.22                                                      12/01/2015  21:07:12  PAGE 3


  C:086FH         LINE#         38
  C:0871H         LINE#         39
  C:0873H         LINE#         40
  C:0875H         LINE#         41
  C:0877H         LINE#         42
  C:0879H         LINE#         43
  C:087BH         LINE#         44
  -------         ENDPROC       _WRITE_DATA
  -------         PROC          _WRITE_STRING
  D:0007H         SYMBOL        addr
  D:0008H         SYMBOL        p
  C:0800H         LINE#         53
  C:0806H         LINE#         54
  C:0806H         LINE#         55
  C:0809H         LINE#         56
  C:080CH         LINE#         57
  C:0817H         LINE#         58
  C:0817H         LINE#         59
  C:0828H         LINE#         60
  C:082AH         LINE#         61
  -------         ENDPROC       _WRITE_STRING
  -------         PROC          LCD_INIT
  C:0844H         LINE#         64
  C:0844H         LINE#         65
  C:0844H         LINE#         66
  C:0849H         LINE#         67
  C:084EH         LINE#         68
  C:0853H         LINE#         69
  -------         ENDPROC       LCD_INIT
  -------         PROC          MAIN
  C:087CH         LINE#         3
  C:087CH         LINE#         4
  C:087CH         LINE#         5
  C:087FH         LINE#         7
  C:087FH         LINE#         8
  C:087FH         LINE#         9
  C:088AH         LINE#         11
  -------         ENDPROC       MAIN
  -------         ENDMOD        MAIN

  -------         MODULE        ?C?CLDPTR
  C:082BH         PUBLIC        ?C?CLDPTR
  -------         ENDMOD        ?C?CLDPTR

******************************************************************************
* RESTRICTED VERSION WITH 0800H BYTE CODE SIZE LIMIT; USED: 0085H BYTE ( 6%) *
******************************************************************************

Program Size: data=12.0 xdata=0 code=173
LINK/LOCATE RUN COMPLETE.  0 WARNING(S),  0 ERROR(S)
