BL51 BANKED LINKER/LOCATER V6.22                                                        12/01/2015  17:20:25  PAGE 1


BL51 BANKED LINKER/LOCATER V6.22, INVOKED BY:
C:\KEIL\C51\BIN\BL51.EXE 0_01_12g.obj, EEPROM.obj, HX711.obj, LCD1602.obj, MAIN.obj, Sch51.obj, weight.obj TO Test


MEMORY MODEL: SMALL WITH FLOATING POINT ARITHMETIC


INPUT MODULES INCLUDED:
  0_01_12g.obj (0_01_12G)
  EEPROM.obj (EEPROM)
  HX711.obj (HX711)
  LCD1602.obj (LCD1602)
  MAIN.obj (MAIN)
  Sch51.obj (SCH51)
  weight.obj (WEIGHT)
  C:\KEIL\C51\LIB\C51FPS.LIB (?C?FPDIV)
  C:\KEIL\C51\LIB\C51FPS.LIB (?C?FCAST)
  C:\KEIL\C51\LIB\C51FPS.LIB (?C?CASTF)
  C:\KEIL\C51\LIB\C51FPS.LIB (?C?FPGETOPN)
  C:\KEIL\C51\LIB\C51S.LIB (?C_STARTUP)
  C:\KEIL\C51\LIB\C51S.LIB (?C?CLDPTR)
  C:\KEIL\C51\LIB\C51S.LIB (?C?SLDIV)
  C:\KEIL\C51\LIB\C51S.LIB (?C?LNEG)
  C:\KEIL\C51\LIB\C51S.LIB (?C?LSHL)
  C:\KEIL\C51\LIB\C51S.LIB (?C?ICALL)
  C:\KEIL\C51\LIB\C51S.LIB (?C_INIT)
  C:\KEIL\C51\LIB\C51S.LIB (?C?ULDIV)


LINK MAP OF MODULE:  Test (0_01_12G)


            TYPE    BASE      LENGTH    RELOCATION   SEGMENT NAME
            -----------------------------------------------------

            * * * * * * *   D A T A   M E M O R Y   * * * * * * *
            REG     0000H     0008H     ABSOLUTE     "REG BANK 0"
            DATA    0008H     0017H     UNIT         ?DT?WEIGHT
                    001FH     0001H                  *** GAP ***
            BIT     0020H.0   0000H.1   UNIT         _BIT_GROUP_
                    0020H.1   0000H.7                *** GAP ***
            DATA    0021H     0019H     UNIT         ?DT?SCH51
            DATA    003AH     0003H     UNIT         _DATA_GROUP_
            IDATA   003DH     0001H     UNIT         ?STACK

            * * * * * * *   C O D E   M E M O R Y   * * * * * * *
            CODE    0000H     0003H     ABSOLUTE     
                    0003H     0008H                  *** GAP ***
            CODE    000BH     0003H     ABSOLUTE     
                    000EH     07F2H                  *** GAP ***
            CODE    0800H     026DH     UNIT         ?C?LIB_CODE
            CODE    0A6DH     00B5H     UNIT         ?PR?WEIGHT_UPDATE?WEIGHT
            CODE    0B22H     0096H     UNIT         ?PR?SCH_UPDATE?0_01_12G
            CODE    0BB8H     008CH     UNIT         ?C_C51STARTUP
            CODE    0C44H     005BH     UNIT         ?PR?_SCH_ADD_TASK?SCH51
            CODE    0C9FH     0053H     UNIT         ?PR?SCH_DISPATCH_TASKS?SCH51
            CODE    0CF2H     004BH     UNIT         ?PR?SCAN_KEY?WEIGHT
            CODE    0D3DH     0049H     UNIT         ?PR?_SCH_DELETE_TASK?SCH51
BL51 BANKED LINKER/LOCATER V6.22                                                      12/01/2015  17:20:25  PAGE 2


            CODE    0D86H     0044H     UNIT         ?C?LDIV
            CODE    0DCAH     003DH     UNIT         ?PR?HX711_READ?HX711
            CODE    0E07H     0037H     UNIT         ?PR?SCH_REPORT_STATUS?SCH51
            CODE    0E3EH     0033H     UNIT         ?PR?GET_WEIGHT?WEIGHT
            CODE    0E71H     002BH     UNIT         ?C_INITSEG
            CODE    0E9CH     0025H     UNIT         ?PR?_LCD1602_WRITE_WORD?LCD1602
            CODE    0EC1H     0024H     UNIT         ?PR?_DELAY_MS?WEIGHT
            CODE    0EE5H     0020H     UNIT         ?PR?SCH_INIT_T0?0_01_12G
            CODE    0F05H     001DH     UNIT         ?PR?LCD1602_DELAY_MS?LCD1602
            CODE    0F22H     001CH     UNIT         ?PR?MAIN?MAIN
            CODE    0F3EH     001BH     UNIT         ?CO?WEIGHT
            CODE    0F59H     0018H     UNIT         ?PR?_BYTE_READ?EEPROM
            CODE    0F71H     0017H     UNIT         ?PR?_BYTE_WRITE?EEPROM
            CODE    0F88H     0015H     UNIT         ?PR?_SECTORERASE?EEPROM
            CODE    0F9DH     0014H     UNIT         ?PR?INIT_LCD1602?LCD1602
            CODE    0FB1H     0012H     UNIT         ?PR?_LCD1602_WRITE_COM?LCD1602
            CODE    0FC3H     0012H     UNIT         ?PR?_LCD1602_WRITE_DATA?LCD1602
            CODE    0FD5H     0011H     UNIT         ?PR?WEIGHT_INITIAL?WEIGHT
            CODE    0FE6H     000CH     UNIT         ?PR?ISP_IAP_ENABLE?EEPROM
            CODE    0FF2H     000BH     UNIT         ?PR?SCH_MANUAL_TIMER0_RELOAD?0_01_12G
            CODE    0FFDH     000BH     UNIT         ?PR?ISPGOON?EEPROM
            CODE    1008H     0009H     UNIT         ?PR?ISP_IAP_DISABLE?EEPROM
            CODE    1011H     0004H     UNIT         ?PR?SCH_GO_TO_SLEEP?SCH51
            CODE    1015H     0003H     UNIT         ?PR?SCH_START?0_01_12G
            CODE    1018H     0003H     UNIT         ?PR?DELAY__HX711_US?HX711



OVERLAY MAP OF MODULE:   Test (0_01_12G)


SEGMENT                                          BIT_GROUP          DATA_GROUP 
  +--> CALLED SEGMENT                         START    LENGTH     START    LENGTH
---------------------------------------------------------------------------------
?PR?SCH_UPDATE?0_01_12G                       -----    -----      -----    -----
  +--> ?PR?SCH_MANUAL_TIMER0_RELOAD?0_01_12G

*** NEW ROOT ***************************************************

?C_C51STARTUP                                 -----    -----      -----    -----
  +--> ?PR?MAIN?MAIN
  +--> ?C_INITSEG

?PR?MAIN?MAIN                                 -----    -----      -----    -----
  +--> ?PR?WEIGHT_INITIAL?WEIGHT
  +--> ?PR?SCH_INIT_T0?0_01_12G
  +--> ?PR?WEIGHT_UPDATE?WEIGHT
  +--> ?PR?_SCH_ADD_TASK?SCH51
  +--> ?PR?SCH_START?0_01_12G
  +--> ?PR?SCH_DISPATCH_TASKS?SCH51

?PR?WEIGHT_INITIAL?WEIGHT                     -----    -----      -----    -----
  +--> ?PR?INIT_LCD1602?LCD1602
  +--> ?PR?_LCD1602_WRITE_COM?LCD1602
  +--> ?CO?WEIGHT
  +--> ?PR?_LCD1602_WRITE_WORD?LCD1602

BL51 BANKED LINKER/LOCATER V6.22                                                      12/01/2015  17:20:25  PAGE 3


?PR?INIT_LCD1602?LCD1602                      -----    -----      -----    -----
  +--> ?PR?_LCD1602_WRITE_COM?LCD1602

?PR?_LCD1602_WRITE_COM?LCD1602                -----    -----      -----    -----
  +--> ?PR?LCD1602_DELAY_MS?LCD1602

?PR?_LCD1602_WRITE_WORD?LCD1602               -----    -----      003AH    0003H
  +--> ?PR?_LCD1602_WRITE_DATA?LCD1602

?PR?_LCD1602_WRITE_DATA?LCD1602               -----    -----      -----    -----
  +--> ?PR?LCD1602_DELAY_MS?LCD1602

?PR?SCH_INIT_T0?0_01_12G                      -----    -----      003AH    0001H
  +--> ?PR?_SCH_DELETE_TASK?SCH51
  +--> ?PR?SCH_MANUAL_TIMER0_RELOAD?0_01_12G

?PR?_SCH_DELETE_TASK?SCH51                    0020H.0  0000H.1    -----    -----

?PR?WEIGHT_UPDATE?WEIGHT                      -----    -----      -----    -----
  +--> ?PR?GET_WEIGHT?WEIGHT
  +--> ?PR?_LCD1602_WRITE_COM?LCD1602
  +--> ?CO?WEIGHT
  +--> ?PR?_LCD1602_WRITE_WORD?LCD1602
  +--> ?PR?_LCD1602_WRITE_DATA?LCD1602

?PR?GET_WEIGHT?WEIGHT                         -----    -----      -----    -----
  +--> ?PR?HX711_READ?HX711

?PR?HX711_READ?HX711                          -----    -----      -----    -----
  +--> ?PR?DELAY__HX711_US?HX711

?PR?_SCH_ADD_TASK?SCH51                       -----    -----      003AH    0002H

?PR?SCH_DISPATCH_TASKS?SCH51                  -----    -----      003AH    0001H
  +--> ?PR?_SCH_DELETE_TASK?SCH51
  +--> ?PR?SCH_REPORT_STATUS?SCH51
  +--> ?PR?SCH_GO_TO_SLEEP?SCH51



UNRESOLVED EXTERNAL SYMBOLS:
   BUZZER_DI



SYMBOL TABLE OF MODULE:  Test (0_01_12G)

  VALUE           TYPE          NAME
  ----------------------------------

  -------         MODULE        0_01_12G
  C:0000H         SYMBOL        _ICE_DUMMY_
  B:00A8H.7       PUBLIC        EA
  C:0B22H         PUBLIC        SCH_Update
  D:0089H         PUBLIC        TMOD
  C:0EE5H         PUBLIC        SCH_Init_T0
  B:00A8H.1       PUBLIC        ET0
BL51 BANKED LINKER/LOCATER V6.22                                                      12/01/2015  17:20:25  PAGE 4


  D:008CH         PUBLIC        TH0
  C:1015H         PUBLIC        SCH_Start
  D:008AH         PUBLIC        TL0
  B:0088H.4       PUBLIC        TR0
  C:0FF2H         SYMBOL        SCH_Manual_Timer0_Reload
  -------         PROC          SCH_INIT_T0
  -------         DO            
  D:003AH         SYMBOL        i
  -------         ENDDO         
  C:0EE5H         LINE#         11
  C:0EE5H         LINE#         12
  C:0EE5H         LINE#         15
  C:0EE8H         LINE#         16
  C:0EE8H         LINE#         17
  C:0EEDH         LINE#         18
  C:0EF6H         LINE#         23
  C:0EF9H         LINE#         26
  C:0EFCH         LINE#         27
  C:0EFFH         LINE#         30
  C:0F02H         LINE#         33
  C:0F04H         LINE#         34
  -------         ENDPROC       SCH_INIT_T0
  -------         PROC          SCH_START
  C:1015H         LINE#         48
  C:1015H         LINE#         49
  C:1015H         LINE#         50
  C:1017H         LINE#         51
  -------         ENDPROC       SCH_START
  -------         PROC          SCH_UPDATE
  -------         DO            
  D:0007H         SYMBOL        Index
  -------         ENDDO         
  C:0B22H         LINE#         62
  C:0B3FH         LINE#         67
  C:0B42H         LINE#         70
  C:0B44H         LINE#         71
  C:0B44H         LINE#         73
  C:0B53H         LINE#         74
  C:0B53H         LINE#         75
  C:0B62H         LINE#         76
  C:0B62H         LINE#         78
  C:0B6BH         LINE#         80
  C:0B7BH         LINE#         81
  C:0B7BH         LINE#         83
  C:0B88H         LINE#         84
  C:0B88H         LINE#         85
  C:0B8AH         LINE#         87
  C:0B8AH         LINE#         89
  C:0B99H         LINE#         90
  C:0B99H         LINE#         91
  C:0B99H         LINE#         92
  C:0B9DH         LINE#         93
  -------         ENDPROC       SCH_UPDATE
  -------         PROC          SCH_MANUAL_TIMER0_RELOAD
  C:0FF2H         LINE#         97
  C:0FF2H         LINE#         98
  C:0FF2H         LINE#         100
BL51 BANKED LINKER/LOCATER V6.22                                                      12/01/2015  17:20:25  PAGE 5


  C:0FF4H         LINE#         106
  C:0FF7H         LINE#         107
  C:0FFAH         LINE#         110
  C:0FFCH         LINE#         111
  -------         ENDPROC       SCH_MANUAL_TIMER0_RELOAD
  -------         ENDMOD        0_01_12G

  -------         MODULE        EEPROM
  C:0000H         SYMBOL        _ICE_DUMMY_
  D:00E6H         PUBLIC        ISP_TRIG
  B:00A8H.7       PUBLIC        EA
  D:00E5H         PUBLIC        ISP_CMD
  C:0FFDH         PUBLIC        ISPgoon
  D:00E3H         PUBLIC        ISP_ADDRH
  C:0F59H         PUBLIC        _byte_read
  D:00E4H         PUBLIC        ISP_ADDRL
  C:0F71H         PUBLIC        _byte_write
  D:00E7H         PUBLIC        ISP_CONTR
  C:1008H         PUBLIC        ISP_IAP_disable
  C:0F88H         PUBLIC        _SectorErase
  D:00E2H         PUBLIC        ISP_DATA
  C:0FE6H         PUBLIC        ISP_IAP_enable
  -------         PROC          ISP_IAP_ENABLE
  C:0FE6H         LINE#         4
  C:0FE6H         LINE#         5
  C:0FE6H         LINE#         6
  C:0FE8H         LINE#         7
  C:0FEBH         LINE#         8
  C:0FEEH         LINE#         9
  C:0FF1H         LINE#         10
  -------         ENDPROC       ISP_IAP_ENABLE
  -------         PROC          ISP_IAP_DISABLE
  C:1008H         LINE#         12
  C:1008H         LINE#         13
  C:1008H         LINE#         14
  C:100BH         LINE#         15
  C:100EH         LINE#         16
  C:1010H         LINE#         17
  -------         ENDPROC       ISP_IAP_DISABLE
  -------         PROC          ISPGOON
  C:0FFDH         LINE#         19
  C:0FFDH         LINE#         20
  C:0FFDH         LINE#         21
  C:1000H         LINE#         22
  C:1003H         LINE#         23
  C:1006H         LINE#         24
  C:1007H         LINE#         25
  -------         ENDPROC       ISPGOON
  -------         PROC          _BYTE_READ
  D:0004H         SYMBOL        byte_addr
  C:0F59H         LINE#         27
  C:0F5DH         LINE#         28
  C:0F5DH         LINE#         29
  C:0F5FH         LINE#         30
  C:0F62H         LINE#         31
  C:0F65H         LINE#         32
  C:0F68H         LINE#         33
BL51 BANKED LINKER/LOCATER V6.22                                                      12/01/2015  17:20:25  PAGE 6


  C:0F6BH         LINE#         34
  C:0F6EH         LINE#         35
  C:0F70H         LINE#         36
  -------         ENDPROC       _BYTE_READ
  -------         PROC          _SECTORERASE
  D:0006H         SYMBOL        sector_addr
  -------         DO            
  D:0006H         SYMBOL        iSectorAddr
  -------         ENDDO         
  C:0F88H         LINE#         38
  C:0F88H         LINE#         39
  C:0F88H         LINE#         41
  C:0F8CH         LINE#         42
  C:0F8EH         LINE#         43
  C:0F91H         LINE#         44
  C:0F94H         LINE#         45
  C:0F97H         LINE#         46
  C:0F9AH         LINE#         47
  -------         ENDPROC       _SECTORERASE
  -------         PROC          _BYTE_WRITE
  D:0002H         SYMBOL        byte_addr
  D:0005H         SYMBOL        original_data
  C:0F71H         LINE#         50
  C:0F75H         LINE#         51
  C:0F75H         LINE#         52
  C:0F77H         LINE#         53
  C:0F7AH         LINE#         54
  C:0F7DH         LINE#         55
  C:0F80H         LINE#         56
  C:0F82H         LINE#         57
  C:0F85H         LINE#         58
  -------         ENDPROC       _BYTE_WRITE
  -------         ENDMOD        EEPROM

  -------         MODULE        HX711
  C:0000H         SYMBOL        _ICE_DUMMY_
  D:00B0H         PUBLIC        P3
  C:0DCAH         PUBLIC        HX711_Read
  B:00B0H.3       PUBLIC        HX711_DOUT
  C:1018H         PUBLIC        Delay__hx711_us
  B:00B0H.2       PUBLIC        HX711_SCK
  -------         PROC          DELAY__HX711_US
  C:1018H         LINE#         5
  C:1018H         LINE#         6
  C:1018H         LINE#         7
  C:1019H         LINE#         8
  C:101AH         LINE#         9
  -------         ENDPROC       DELAY__HX711_US
  -------         PROC          HX711_READ
  -------         DO            
  D:0004H         SYMBOL        count
  D:0003H         SYMBOL        i
  -------         ENDDO         
  C:0DCAH         LINE#         12
  C:0DCAH         LINE#         13
  C:0DCAH         LINE#         16
  C:0DCCH         LINE#         17
BL51 BANKED LINKER/LOCATER V6.22                                                      12/01/2015  17:20:25  PAGE 7


  C:0DCFH         LINE#         18
  C:0DD1H         LINE#         19
  C:0DD9H         LINE#         20
  C:0DDCH         LINE#         21
  C:0DDEH         LINE#         22
  C:0DDEH         LINE#         23
  C:0DE0H         LINE#         24
  C:0DE5H         LINE#         25
  C:0DE7H         LINE#         26
  C:0DEAH         LINE#         27
  C:0DF7H         LINE#         28
  C:0DFBH         LINE#         29
  C:0DFDH         LINE#         30
  C:0E01H         LINE#         31
  C:0E04H         LINE#         32
  C:0E06H         LINE#         33
  C:0E06H         LINE#         34
  -------         ENDPROC       HX711_READ
  -------         ENDMOD        HX711

  -------         MODULE        LCD1602
  C:0000H         SYMBOL        _ICE_DUMMY_
  D:0080H         PUBLIC        P0
  D:00A0H         PUBLIC        P2
  B:00A0H.7       PUBLIC        LCD1602_EN
  C:0F9DH         PUBLIC        Init_LCD1602
  B:00A0H.5       PUBLIC        LCD1602_RS
  B:00A0H.6       PUBLIC        LCD1602_RW
  C:0FC3H         PUBLIC        _LCD1602_write_data
  C:0E9CH         PUBLIC        _LCD1602_write_word
  C:0FB1H         PUBLIC        _LCD1602_write_com
  C:0F05H         PUBLIC        LCD1602_delay_ms
  -------         PROC          LCD1602_DELAY_MS
  -------         DO            
  D:0006H         SYMBOL        i
  D:0004H         SYMBOL        j
  -------         ENDDO         
  C:0F05H         LINE#         2
  C:0F05H         LINE#         3
  C:0F05H         LINE#         5
  C:0F08H         LINE#         6
  C:0F21H         LINE#         8
  -------         ENDPROC       LCD1602_DELAY_MS
  -------         PROC          _LCD1602_WRITE_COM
  D:0003H         SYMBOL        com
  C:0FB1H         LINE#         11
  C:0FB3H         LINE#         12
  C:0FB3H         LINE#         13
  C:0FB6H         LINE#         14
  C:0FB8H         LINE#         15
  C:0FBAH         LINE#         16
  C:0FBCH         LINE#         17
  C:0FBEH         LINE#         18
  C:0FC0H         LINE#         19
  C:0FC2H         LINE#         20
  -------         ENDPROC       _LCD1602_WRITE_COM
  -------         PROC          _LCD1602_WRITE_DATA
BL51 BANKED LINKER/LOCATER V6.22                                                      12/01/2015  17:20:25  PAGE 8


  D:0003H         SYMBOL        dat
  C:0FC3H         LINE#         22
  C:0FC5H         LINE#         23
  C:0FC5H         LINE#         24
  C:0FC8H         LINE#         25
  C:0FCAH         LINE#         26
  C:0FCCH         LINE#         27
  C:0FCEH         LINE#         28
  C:0FD0H         LINE#         29
  C:0FD2H         LINE#         30
  C:0FD4H         LINE#         31
  -------         ENDPROC       _LCD1602_WRITE_DATA
  -------         PROC          _LCD1602_WRITE_WORD
  D:003AH         SYMBOL        s
  C:0E9CH         LINE#         33
  C:0EA2H         LINE#         34
  C:0EA2H         LINE#         37
  C:0EADH         LINE#         38
  C:0EADH         LINE#         39
  C:0EBEH         LINE#         40
  C:0EC0H         LINE#         41
  -------         ENDPROC       _LCD1602_WRITE_WORD
  -------         PROC          INIT_LCD1602
  C:0F9DH         LINE#         44
  C:0F9DH         LINE#         45
  C:0F9DH         LINE#         46
  C:0FA2H         LINE#         47
  C:0FA7H         LINE#         48
  C:0FACH         LINE#         49
  -------         ENDPROC       INIT_LCD1602
  -------         ENDMOD        LCD1602

  -------         MODULE        MAIN
  C:0000H         SYMBOL        _ICE_DUMMY_
  D:0090H         PUBLIC        P1
  D:00A0H         PUBLIC        P2
  C:0F22H         PUBLIC        main
  -------         PROC          MAIN
  C:0F22H         LINE#         9
  C:0F22H         LINE#         10
  C:0F22H         LINE#         11
  C:0F25H         LINE#         12
  C:0F28H         LINE#         13
  C:0F36H         LINE#         14
  C:0F39H         LINE#         16
  C:0F39H         LINE#         17
  C:0F39H         LINE#         18
  C:0F3CH         LINE#         19
  -------         ENDPROC       MAIN
  -------         ENDMOD        MAIN

  -------         MODULE        SCH51
  C:0000H         SYMBOL        _ICE_DUMMY_
  D:0080H         PUBLIC        P0
  D:00A0H         PUBLIC        P2
  C:0D3DH         PUBLIC        _SCH_Delete_Task
  D:0021H         PUBLIC        SCH_tasks_G
BL51 BANKED LINKER/LOCATER V6.22                                                      12/01/2015  17:20:25  PAGE 9


  C:0E07H         PUBLIC        SCH_Report_Status
  D:0087H         PUBLIC        PCON
  D:0036H         PUBLIC        Error_code_G
  C:0C44H         PUBLIC        _SCH_Add_Task
  D:0037H         SYMBOL        Last_error_code_G
  D:0038H         SYMBOL        Error_tick_count_G
  C:0C9FH         PUBLIC        SCH_Dispatch_Tasks
  C:1011H         SYMBOL        SCH_Go_To_Sleep
  -------         PROC          SCH_DISPATCH_TASKS
  -------         DO            
  D:003AH         SYMBOL        Index
  -------         ENDDO         
  C:0C9FH         LINE#         28
  C:0C9FH         LINE#         29
  C:0C9FH         LINE#         33
  C:0CA2H         LINE#         34
  C:0CA2H         LINE#         35
  C:0CB1H         LINE#         36
  C:0CB1H         LINE#         37
  C:0CC4H         LINE#         39
  C:0CCEH         LINE#         43
  C:0CDEH         LINE#         44
  C:0CDEH         LINE#         45
  C:0CE3H         LINE#         46
  C:0CE3H         LINE#         47
  C:0CE3H         LINE#         48
  C:0CECH         LINE#         51
  C:0CEFH         LINE#         54
  -------         ENDPROC       SCH_DISPATCH_TASKS
  -------         PROC          _SCH_ADD_TASK
  D:003AH         SYMBOL        pFunction
  D:0004H         SYMBOL        DELAY
  D:0002H         SYMBOL        PERIOD
  -------         DO            
  D:0007H         SYMBOL        Index
  -------         ENDDO         
  C:0C44H         LINE#         60
  C:0C48H         LINE#         63
  C:0C48H         LINE#         64
  C:0C4AH         LINE#         67
  C:0C61H         LINE#         68
  C:0C61H         LINE#         69
  C:0C62H         LINE#         70
  C:0C64H         LINE#         73
  C:0C67H         LINE#         74
  C:0C67H         LINE#         78
  C:0C6AH         LINE#         81
  C:0C6DH         LINE#         82
  C:0C6DH         LINE#         85
  C:0C7AH         LINE#         87
  C:0C87H         LINE#         88
  C:0C94H         LINE#         90
  C:0C9EH         LINE#         92
  C:0C9EH         LINE#         93
  -------         ENDPROC       _SCH_ADD_TASK
  -------         PROC          _SCH_DELETE_TASK
  D:0007H         SYMBOL        TASK_INDEX
BL51 BANKED LINKER/LOCATER V6.22                                                      12/01/2015  17:20:25  PAGE 10


  -------         DO            
  B:0020H.0       SYMBOL        Return_code
  -------         ENDDO         
  C:0D3DH         LINE#         96
  C:0D3DH         LINE#         97
  C:0D3DH         LINE#         100
  C:0D4CH         LINE#         101
  C:0D4CH         LINE#         105
  C:0D4FH         LINE#         108
  C:0D51H         LINE#         109
  C:0D53H         LINE#         111
  C:0D53H         LINE#         112
  C:0D55H         LINE#         113
  C:0D55H         LINE#         115
  C:0D61H         LINE#         116
  C:0D6DH         LINE#         117
  C:0D79H         LINE#         119
  C:0D83H         LINE#         121
  C:0D85H         LINE#         122
  -------         ENDPROC       _SCH_DELETE_TASK
  -------         PROC          SCH_REPORT_STATUS
  C:0E07H         LINE#         126
  C:0E07H         LINE#         127
  C:0E07H         LINE#         131
  C:0E0DH         LINE#         132
  C:0E0DH         LINE#         134
  C:0E14H         LINE#         136
  C:0E17H         LINE#         138
  C:0E1BH         LINE#         139
  C:0E1BH         LINE#         140
  C:0E21H         LINE#         141
  C:0E22H         LINE#         143
  C:0E22H         LINE#         144
  C:0E27H         LINE#         145
  C:0E27H         LINE#         146
  C:0E28H         LINE#         148
  C:0E28H         LINE#         149
  C:0E2EH         LINE#         150
  C:0E2EH         LINE#         151
  C:0E3BH         LINE#         152
  C:0E3BH         LINE#         153
  C:0E3DH         LINE#         154
  C:0E3DH         LINE#         155
  C:0E3DH         LINE#         156
  C:0E3DH         LINE#         158
  -------         ENDPROC       SCH_REPORT_STATUS
  -------         PROC          SCH_GO_TO_SLEEP
  C:1011H         LINE#         162
  C:1011H         LINE#         163
  C:1011H         LINE#         164
  C:1014H         LINE#         170
  -------         ENDPROC       SCH_GO_TO_SLEEP
  -------         ENDMOD        SCH51

  -------         MODULE        WEIGHT
  C:0000H         SYMBOL        _ICE_DUMMY_
  D:0090H         PUBLIC        P1
BL51 BANKED LINKER/LOCATER V6.22                                                      12/01/2015  17:20:25  PAGE 11


  D:00A0H         PUBLIC        P2
  D:00B0H         PUBLIC        P3
  D:0008H         PUBLIC        Max_Value
  C:0CF2H         PUBLIC        Scan_Key
  B:0090H.4       PUBLIC        KEY1
  B:0090H.5       PUBLIC        KEY2
  B:0090H.6       PUBLIC        KEY3
  B:0090H.7       PUBLIC        KEY4
  D:000CH         PUBLIC        state
  C:0EC5H         PUBLIC        _Delay_ms
  D:000DH         PUBLIC        maxValueTable
  D:0011H         PUBLIC        KEY_NUM
  D:0012H         PUBLIC        Weight_Maopi
  D:0016H         PUBLIC        Blink_Speed
  C:0FD5H         PUBLIC        weight_initial
  D:0017H         PUBLIC        Weight_Shiwu
  C:0E3EH         PUBLIC        Get_Weight
  C:0A6DH         PUBLIC        weight_update
  D:001BH         PUBLIC        HX711_Buffer
  -------         PROC          WEIGHT_INITIAL
  C:0FD5H         LINE#         30
  C:0FD5H         LINE#         31
  C:0FD5H         LINE#         32
  C:0FD8H         LINE#         33
  C:0FDDH         LINE#         34
  -------         ENDPROC       WEIGHT_INITIAL
  -------         PROC          WEIGHT_UPDATE
  C:0A6DH         LINE#         36
  C:0A6DH         LINE#         37
  C:0A6DH         LINE#         39
  C:0A70H         LINE#         42
  C:0A75H         LINE#         43
  C:0A7EH         LINE#         44
  C:0AA9H         LINE#         45
  C:0AAEH         LINE#         46
  C:0AD8H         LINE#         47
  C:0B01H         LINE#         48
  C:0B19H         LINE#         49
  -------         ENDPROC       WEIGHT_UPDATE
  -------         PROC          GET_WEIGHT
  C:0E3EH         LINE#         64
  C:0E3EH         LINE#         65
  C:0E3EH         LINE#         66
  C:0E49H         LINE#         67
  C:0E4DH         LINE#         68
  C:0E4DH         LINE#         69
  C:0E66H         LINE#         70
  C:0E67H         LINE#         72
  C:0E67H         LINE#         73
  C:0E70H         LINE#         74
  C:0E70H         LINE#         75
  -------         ENDPROC       GET_WEIGHT
  C:0EC1H         SYMBOL        L?0033
  -------         PROC          L?0032
  -------         ENDPROC       L?0032
  C:0EC1H         SYMBOL        L?0033
  -------         PROC          _DELAY_MS
BL51 BANKED LINKER/LOCATER V6.22                                                      12/01/2015  17:20:25  PAGE 12


  D:0006H         SYMBOL        n
  -------         DO            
  D:0004H         SYMBOL        i
  D:0002H         SYMBOL        j
  -------         ENDDO         
  C:0EC5H         LINE#         82
  C:0EC5H         LINE#         83
  C:0EC5H         LINE#         85
  C:0ECFH         LINE#         86
  C:0EE4H         LINE#         87
  -------         ENDPROC       _DELAY_MS
  -------         PROC          SCAN_KEY
  C:0CF2H         LINE#         94
  C:0CF2H         LINE#         95
  C:0CF2H         LINE#         96
  C:0CF5H         LINE#         97
  C:0CF5H         LINE#         98
  C:0CF8H         LINE#         99
  C:0CFBH         LINE#         100
  C:0CFBH         LINE#         101
  C:0CFEH         LINE#         102
  C:0D01H         LINE#         103
  C:0D04H         LINE#         104
  C:0D04H         LINE#         105
  C:0D04H         LINE#         106
  C:0D07H         LINE#         107
  C:0D07H         LINE#         108
  C:0D0AH         LINE#         109
  C:0D0DH         LINE#         110
  C:0D0DH         LINE#         111
  C:0D10H         LINE#         112
  C:0D13H         LINE#         113
  C:0D16H         LINE#         114
  C:0D16H         LINE#         115
  C:0D16H         LINE#         116
  C:0D19H         LINE#         117
  C:0D19H         LINE#         118
  C:0D1CH         LINE#         119
  C:0D1FH         LINE#         120
  C:0D1FH         LINE#         121
  C:0D22H         LINE#         122
  C:0D25H         LINE#         123
  C:0D28H         LINE#         124
  C:0D28H         LINE#         125
  C:0D28H         LINE#         126
  C:0D2BH         LINE#         127
  C:0D2BH         LINE#         128
  C:0D2EH         LINE#         129
  C:0D31H         LINE#         130
  C:0D31H         LINE#         131
  C:0D34H         LINE#         132
  C:0D37H         LINE#         133
  C:0D3AH         LINE#         134
  C:0D3AH         LINE#         135
  C:0D3AH         LINE#         136
  C:0D3CH         LINE#         137
  -------         ENDPROC       SCAN_KEY
BL51 BANKED LINKER/LOCATER V6.22                                                      12/01/2015  17:20:25  PAGE 13


  -------         ENDMOD        WEIGHT

  -------         MODULE        ?C?FPDIV
  C:0803H         PUBLIC        ?C?FPDIV
  -------         ENDMOD        ?C?FPDIV

  -------         MODULE        ?C?FCAST
  C:08AAH         PUBLIC        ?C?FCASTC
  C:08A5H         PUBLIC        ?C?FCASTI
  C:08A0H         PUBLIC        ?C?FCASTL
  -------         ENDMOD        ?C?FCAST

  -------         MODULE        ?C?CASTF
  C:08DEH         PUBLIC        ?C?CASTF
  -------         ENDMOD        ?C?CASTF

  -------         MODULE        ?C?CLDPTR
  C:095FH         PUBLIC        ?C?CLDPTR
  -------         ENDMOD        ?C?CLDPTR

  -------         MODULE        ?C?SLDIV
  C:0D86H         PUBLIC        ?C?SLDIV
  -------         ENDMOD        ?C?SLDIV

  -------         MODULE        ?C?LNEG
  C:0978H         PUBLIC        ?C?LNEG
  -------         ENDMOD        ?C?LNEG

  -------         MODULE        ?C?LSHL
  C:0986H         PUBLIC        ?C?LSHL
  -------         ENDMOD        ?C?LSHL

  -------         MODULE        ?C?ICALL
  C:0999H         PUBLIC        ?C?ICALL
  C:099DH         PUBLIC        ?C?ICALL2
  -------         ENDMOD        ?C?ICALL

  -------         MODULE        ?C?ULDIV
  C:09DBH         PUBLIC        ?C?ULDIV
  -------         ENDMOD        ?C?ULDIV

*** WARNING L16: UNCALLED SEGMENT, IGNORED FOR OVERLAY PROCESS
    SEGMENT: ?PR?_BYTE_READ?EEPROM

*** WARNING L16: UNCALLED SEGMENT, IGNORED FOR OVERLAY PROCESS
    SEGMENT: ?PR?_SECTORERASE?EEPROM

*** WARNING L16: UNCALLED SEGMENT, IGNORED FOR OVERLAY PROCESS
    SEGMENT: ?PR?_BYTE_WRITE?EEPROM

*** WARNING L16: UNCALLED SEGMENT, IGNORED FOR OVERLAY PROCESS
    SEGMENT: ?PR?SCAN_KEY?WEIGHT

*** WARNING L1: UNRESOLVED EXTERNAL SYMBOL
    SYMBOL:  BUZZER_DI
    MODULE:  weight.obj (WEIGHT)

BL51 BANKED LINKER/LOCATER V6.22                                                      12/01/2015  17:20:25  PAGE 14


*** WARNING L2: REFERENCE MADE TO UNRESOLVED EXTERNAL
    SYMBOL:  BUZZER_DI
    MODULE:  weight.obj (WEIGHT)
    ADDRESS: 0CFCH

*** WARNING L2: REFERENCE MADE TO UNRESOLVED EXTERNAL
    SYMBOL:  BUZZER_DI
    MODULE:  weight.obj (WEIGHT)
    ADDRESS: 0D0EH

*** WARNING L2: REFERENCE MADE TO UNRESOLVED EXTERNAL
    SYMBOL:  BUZZER_DI
    MODULE:  weight.obj (WEIGHT)
    ADDRESS: 0D20H

*** WARNING L2: REFERENCE MADE TO UNRESOLVED EXTERNAL
    SYMBOL:  BUZZER_DI
    MODULE:  weight.obj (WEIGHT)
    ADDRESS: 0D32H

******************************************************************************
* RESTRICTED VERSION WITH 0800H BYTE CODE SIZE LIMIT; USED: 04E0H BYTE (60%) *
******************************************************************************

Program Size: data=60.1 xdata=0 code=2081
LINK/LOCATE RUN COMPLETE.  9 WARNING(S),  0 ERROR(S)
