BL51 BANKED LINKER/LOCATER V6.22                                                        09/08/2015  21:32:16  PAGE 1


BL51 BANKED LINKER/LOCATER V6.22, INVOKED BY:
C:\KEIL\C51\BIN\BL51.EXE STARTUP.obj, ex.obj TO ex1


MEMORY MODEL: SMALL


INPUT MODULES INCLUDED:
  STARTUP.obj (?C_STARTUP)
  ex.obj (EX)


LINK MAP OF MODULE:  ex1 (?C_STARTUP)


            TYPE    BASE      LENGTH    RELOCATION   SEGMENT NAME
            -----------------------------------------------------

            * * * * * * *   D A T A   M E M O R Y   * * * * * * *
            REG     0000H     0008H     ABSOLUTE     "REG BANK 0"
            IDATA   0008H     0001H     UNIT         ?STACK

            * * * * * * *   C O D E   M E M O R Y   * * * * * * *
            CODE    0000H     0003H     ABSOLUTE     
                    0003H     07FDH                  *** GAP ***
            CODE    0800H     0010H     UNIT         ?PR?DELAY?EX
            CODE    0810H     000EH     UNIT         ?PR?MAIN?EX
            CODE    081EH     000CH     UNIT         ?C_C51STARTUP



OVERLAY MAP OF MODULE:   ex1 (?C_STARTUP)


SEGMENT
  +--> CALLED SEGMENT
---------------------
?C_C51STARTUP
  +--> ?PR?MAIN?EX

?PR?MAIN?EX
  +--> ?PR?DELAY?EX



SYMBOL TABLE OF MODULE:  ex1 (?C_STARTUP)

  VALUE           TYPE          NAME
  ----------------------------------

  -------         MODULE        ?C_STARTUP
  C:081EH         SEGMENT       ?C_C51STARTUP
  I:0008H         SEGMENT       ?STACK
  C:0000H         PUBLIC        ?C_STARTUP
  D:00E0H         SYMBOL        ACC
  D:00F0H         SYMBOL        B
  D:0083H         SYMBOL        DPH
  D:0082H         SYMBOL        DPL
BL51 BANKED LINKER/LOCATER V6.22                                                      09/08/2015  21:32:16  PAGE 2


  N:0000H         SYMBOL        IBPSTACK
  N:0100H         SYMBOL        IBPSTACKTOP
  N:0080H         SYMBOL        IDATALEN
  C:0821H         SYMBOL        IDATALOOP
  N:0000H         SYMBOL        PBPSTACK
  N:0100H         SYMBOL        PBPSTACKTOP
  N:0000H         SYMBOL        PDATALEN
  N:0000H         SYMBOL        PDATASTART
  N:0000H         SYMBOL        PPAGE
  N:0000H         SYMBOL        PPAGEENABLE
  D:00A0H         SYMBOL        PPAGE_SFR
  D:0081H         SYMBOL        SP
  C:081EH         SYMBOL        STARTUP1
  N:0000H         SYMBOL        XBPSTACK
  N:0000H         SYMBOL        XBPSTACKTOP
  N:0000H         SYMBOL        XDATALEN
  N:0000H         SYMBOL        XDATASTART
  C:0000H         LINE#         126
  C:081EH         LINE#         133
  C:0820H         LINE#         134
  C:0821H         LINE#         135
  C:0822H         LINE#         136
  C:0824H         LINE#         185
  C:0827H         LINE#         196
  -------         ENDMOD        ?C_STARTUP

  -------         MODULE        EX
  C:0000H         SYMBOL        _ICE_DUMMY_
  D:0080H         PUBLIC        P0
  C:0800H         PUBLIC        delay
  C:0810H         PUBLIC        main
  -------         PROC          DELAY
  -------         DO            
  D:0007H         SYMBOL        i
  -------         ENDDO         
  C:0800H         LINE#         2
  C:0800H         LINE#         3
  C:0800H         LINE#         5
  C:080FH         LINE#         7
  -------         ENDPROC       DELAY
  -------         PROC          MAIN
  C:0810H         LINE#         8
  C:0810H         LINE#         9
  C:0810H         LINE#         10
  C:0810H         LINE#         11
  C:0810H         LINE#         12
  C:0813H         LINE#         13
  C:0816H         LINE#         14
  C:0819H         LINE#         15
  C:081CH         LINE#         16
  -------         ENDPROC       MAIN
  -------         ENDMOD        EX

******************************************************************************
* RESTRICTED VERSION WITH 0800H BYTE CODE SIZE LIMIT; USED: 002DH BYTE ( 2%) *
******************************************************************************

BL51 BANKED LINKER/LOCATER V6.22                                                      09/08/2015  21:32:16  PAGE 3


Program Size: data=9.0 xdata=0 code=45
LINK/LOCATE RUN COMPLETE.  0 WARNING(S),  0 ERROR(S)
